gpg-pubkey-c2a1e572-668fe8ef 1720707311 0 (none) installed
gpg-pubkey-e37ed158-65785fa9 1702387625 0 (none) installed
libgcc-14.3.1-4.4.el10.alma.2.x86_64 1772111059 277156 7949b41f2a41490134f9c69f7e2c1c65 installed
ghc-srpm-macros-1.9.2-1.el10_0.noarch 1745569162 779 625f9b093fee9bb0f6c830c41d176111 installed
fpc-srpm-macros-1.3-7.el10_1.noarch 1755334968 144 0a58f44f776d4ea0ffce09c1bbaa8ca3 installed
ansible-srpm-macros-1-21.el10_2.noarch 1775683801 36518 b700833b44409eac292f9bce818b0997 installed
rust-toolset-srpm-macros-1.92.0-1.el10.alma.1.noarch 1769678040 2058 0d60c18e3b88c789b1b6ebc8952eaa5a installed
qt6-srpm-macros-6.10.1-1.el10.noarch 1765395372 464 06529f2a2bd0c79cd0570bafef490907 installed
perl-srpm-macros-1-57.el10.noarch 1734187617 861 3f5c5db2565569d4dace4c85bea37804 installed
package-notes-srpm-macros-0.5-13.el10.noarch 1734185638 1601 3cde60bb10b67a9550ccb1ae9aa8ac6a installed
openblas-srpm-macros-2-19.el10.noarch 1733929368 112 6993787a9cab21e9aab85c30a0bd442b installed
ocaml-srpm-macros-10-4.el10.noarch 1733929149 1959 a610b0ad19679654a9af8575d4e8923c installed
kernel-srpm-macros-1.0-27.el10.noarch 1765923590 1957 cf3659ec2ffd3a36112b6a5f4b8b9f03 installed
publicsuffix-list-dafsa-20240107-5.el10.noarch 1734189502 69171 c775084ba1b508126c5745a0778064b3 installed
pkgconf-m4-2.1.0-3.el10.noarch 1734174077 14252 b3c32290e4f1543b14dc83a4c2513db2 installed
pcre2-syntax-10.44-1.el10.3.noarch 1734183240 257634 ccd27752f168a8b7672bfe7e68744cd1 installed
ncurses-base-6.4-15.20240127.el10_1.noarch 1774527579 334036 fe651a52c8f62374dbbc28b771121270 installed
libssh-config-0.12.0-2.el10.noarch 1771608003 277 7560b4dae38b20f4b4027cb55ca10d74 installed
coreutils-common-9.5-8.el10_2.x86_64 1782813009 11696110 e9a25e1583991cd8268d565ea4a6f6f8 installed
almalinux-gpg-keys-10.2-21.el10.x86_64 1779787804 1652 8cb5d2eab58992fd96ea5b908b092aa7 installed
almalinux-release-10.2-21.el10.x86_64 1779787804 36930 3ea9d2aebf120c644579d5d7784d31f9 installed
almalinux-repos-10.2-21.el10.x86_64 1779787804 8842 461cb50a3e11a6b8be9147b3c6db1b03 installed
setup-2.14.5-7.el10.noarch 1749151765 737783 26a8c05f8f1bbf593e4be89452a0e7e6 installed
filesystem-3.18-17.el10.x86_64 1752686252 106 cd099c7ded56a34afeb19303409768fe installed
basesystem-11-22.el10.noarch 1734045537 0 595b21c06f70147e1cbd931fd91c5943 installed
glibc-gconv-extra-2.39-126.el10_2.alma.1.x86_64 1782812216 8165878 3974a276b3e32d498a6f6b576d49b2a8 installed
ncurses-libs-6.4-15.20240127.el10_1.x86_64 1774527582 985279 26a618ec26f38b75cefd2bae38d88474 installed
glibc-2.39-126.el10_2.alma.1.x86_64 1782812216 6554562 98240327a51c20ba4cc7451da6fedbd0 installed
bash-5.2.26-6.el10.x86_64 1741028594 8546555 33ee7b72828d90fb415b67bd18703f74 installed
glibc-common-2.39-126.el10_2.alma.1.x86_64 1782812216 1077018 b1637c3a83773fda995dfda0b0fe16d8 installed
glibc-minimal-langpack-2.39-126.el10_2.alma.1.x86_64 1782812216 0 31358f8fe63ed2e708b6827ac957219d installed
zlib-ng-compat-2.2.3-3.el10_1.x86_64 1770277085 144984 28b459adb24241e9517e1ce78666c920 installed
bzip2-libs-1.0.8-25.el10.x86_64 1739793622 82508 e5f6720795f36889b359c475e483f7ef installed
xz-libs-1:5.6.2-4.el10_0.x86_64 1747270625 219435 608b2b9f10f7620cefdac9352fb63534 installed
libstdc++-14.3.1-4.4.el10.alma.2.x86_64 1772111059 2974265 87415d9f7f4ce0763d075b8f60feba0a installed
libuuid-2.40.2-18.el10.x86_64 1772616096 38205 f376da94fff0eb754df16f70ede75c81 installed
popt-1.19-8.el10.x86_64 1734182146 140018 256fddaef6554f1f6ceb555943d5fe6f installed
readline-8.2-11.el10.x86_64 1734229259 500661 174639cbdc16be685c086ca7266bcd9c installed
libblkid-2.40.2-18.el10.x86_64 1772616096 268722 735d7bf51eeecf19c35d17bf409a2b4d installed
gmp-1:6.2.1-12.el10.x86_64 1751972776 821624 bbbc524d3ab91f5edafea5f166b1e8e0 installed
libattr-2.5.2-5.el10.x86_64 1734026062 29069 b2341171bda83939715030ce5d108165 installed
libacl-2.3.2-4.el10.x86_64 1734043789 40850 ebe8226da4e171577d0bbab67b7312a4 installed
libxcrypt-4.4.36-10.el10.x86_64 1733850318 269013 8d8e6f919abfb562e078733ba4769d67 installed
libzstd-1.5.5-9.el10.x86_64 1734225610 757350 2cd1680b7ef732c54728aa04789e0e99 installed
elfutils-libelf-0.194-2.el10_2.x86_64 1775585482 1177020 5e671269932d2d02b5e7177e7b308056 installed
crypto-policies-20260216-1.git0e54016.el10.alma.1.noarch 1772011816 121884 ce8312a29c8eb0aeb4523efe65075cf8 installed
gdbm-libs-1:1.23-12.el10_0.x86_64 1747265717 124802 2316777b35d417be0789a01d1ee525be installed
libeconf-0.6.2-4.el10.x86_64 1733853768 59264 208d3c26163ea7bed300f522617cdb01 installed
dwz-0.16-1.el10.x86_64 1752668350 301844 16929aa2620f73511ea34b15d5a4e5d2 installed
mpfr-4.2.1-8.el10.x86_64 1772661311 860061 8b574f141ddc1b7e0e23a1a6d1f6e22c installed
gawk-5.3.0-6.el10.x86_64 1739945434 1793472 c366fdd2469a3c534eda3a19ab2f3cdd installed
unzip-6.0-69.el10.x86_64 1750333114 411923 5a44502ca6a83b2f861ead7e8ab1166a installed
file-libs-5.45-9.el10.x86_64 1772798627 10414622 0cfda89881b7a922e66171b7cfc610df installed
file-5.45-9.el10.x86_64 1772798627 105823 fff637fce52a61acb6a54d447b615fcc installed
alternatives-1.30-2.el10.x86_64 1734038722 67745 3e47e765b3c0ab2f3cb590294ca38da0 installed
jansson-2.14-3.el10.x86_64 1734103152 91133 3d49634d0f323df9ddd1cdf2390e9bac installed
libcap-ng-0.8.4-6.el10.x86_64 1733842566 70563 702388695e018fc6547ae8bbabd66b1f installed
audit-libs-4.0.3-5.el10.x86_64 1768993857 367793 63cd5063d5aa400dc00e08694416fef7 installed
pam-libs-1.6.1-9.el10.x86_64 1765406635 137911 67b3eca0dc2389c375c9145d81013a3d installed
libcap-2.69-7.el10_2.1.x86_64 1779286980 223951 39fccdd85305004fcc5d5f3b3f68c5f7 installed
systemd-libs-257-23.el10_2.2.alma.1.x86_64 1780480095 2399722 243b642a96c57c5c74f7c7b4806561a6 installed
libffi-3.4.4-10.el10.x86_64 1747823536 87528 c80b924edecab6dabffeed80b4927ada installed
libsepol-3.10-1.el10.x86_64 1771421990 853723 866983176e73a5537956f9bc7c09cbdd installed
libsmartcols-2.40.2-18.el10.x86_64 1772616096 184594 911a0d671326fa14abcc46a6b8875d57 installed
libtasn1-4.20.0-5.el10_2.x86_64 1782266294 180507 d3544e48fd2501946f866ef6cf155c7e installed
libunistring-1.1-10.el10.x86_64 1733904176 1816877 3f16ea4ddf5bc4ae6ee21a4837c70fb4 installed
libidn2-2.3.7-3.el10.x86_64 1733850022 336858 2b0050552a0a51ada221810e4efda676 installed
lua-libs-5.4.6-7.el10.x86_64 1734109366 287675 be290028da837f19205de27d32cf8cf3 installed
lz4-libs-1.9.4-8.el10.x86_64 1734119549 136459 f011548c152d1564efbe7ffa0b920650 installed
pcre2-10.44-1.el10.3.x86_64 1734182345 668922 33d86a93e1b34e8e1357806fa9544e47 installed
libselinux-3.10-1.el10.x86_64 1771427476 201757 e0c0e992c667da597a0b24931c9fcb71 installed
sed-4.9-5.el10.x86_64 1772782921 881955 0323e43a85d3c630a97327bb0219984e installed
findutils-1:4.10.0-5.el10.x86_64 1734029841 1942695 a2ad8e80525d5697be0727e2b48720a3 installed
grep-3.11-10.el10.x86_64 1734032278 1042042 64543d207b8fd07457f39ea4b477b932 installed
xz-1:5.6.2-4.el10_0.x86_64 1747270625 1244808 8b8271fed592f1d935539b0ed707644a installed
libmount-2.40.2-18.el10.x86_64 1772616096 364210 90ceec59b1ddf1c07edbade83e68278a installed
util-linux-core-2.40.2-18.el10.x86_64 1772616096 1542981 d269205fd4470081a707c883c9458a01 installed
libsemanage-3.10-1.el10.x86_64 1771428438 319507 a0d99858b87e0ab415f93708828f2288 installed
shadow-utils-2:4.15.0-11.el10.x86_64 1772803816 4269722 7106fa9e96d48daa0b1f254b65674e2c installed
libutempter-1.2.1-15.el10.x86_64 1733852925 58809 d9a46176e8b210319ad7b5204a4c5ebd installed
tar-2:1.35-11.el10.x86_64 1772783342 3101966 7780baf15d2d8150e024893bcbe5bd8e installed
zstd-1.5.5-9.el10.x86_64 1734225610 1656557 def2b58ee2588c1f9297f43f8dc18f76 installed
libpsl-0.21.5-6.el10.x86_64 1733849977 82352 f9c931353b547cb084a92dbcb87d18fc installed
p11-kit-0.26.2-1.el10.x86_64 1771440128 2638530 523c5f43bf3ad1e9621a9a8a8f3c20e6 installed
p11-kit-trust-0.26.2-1.el10.x86_64 1771440128 477281 3bc6eb505f9f1dbf39f755a80620291b installed
openssl-fips-provider-1:3.5.5-4.el10_2.alma.1.x86_64 1781198955 2493202 a334583c2b3aa65845ab8388e15e5acc installed
openssl-libs-1:3.5.5-4.el10_2.alma.1.x86_64 1781198955 6859443 55a68734c6b72664e2db0b23b8e08fba installed
coreutils-9.5-8.el10_2.x86_64 1782813009 5714506 93f6821202efd06a3fd8ecbf3c6482d5 installed
ca-certificates-2025.2.80_v9.0.305-102.el10_1.noarch 1763138081 2801276 4b30227dd6f330ba2eb8ae02782a9bb8 installed
authselect-libs-1.5.2-1.el10.x86_64 1770798670 923738 9addac1a819e858a3780c20b8da701d9 installed
gzip-1.13-3.el10.x86_64 1734373206 398194 fc73eee8049d45bacb8517b196ed18ac installed
cracklib-2.9.11-8.el10.x86_64 1734033833 244461 2f6715332bbe19883333fd39c9a31582 installed
cracklib-dicts-2.9.11-8.el10.x86_64 1734033833 9815811 bd870a60599f9426447adc7a9faf8f52 installed
libpwquality-1.4.5-12.el10.x86_64 1733850696 427194 223aadacddba621f470dba11c8db4608 installed
libevent-2.1.12-16.el10.x86_64 1733846367 916490 898e141e01bec1ba693e2207ae5582c6 installed
rpm-sequoia-1.10.1.1-2.el10.x86_64 1772782143 2652128 fbffbdf6aa9449b861c0a230cff5cb2d installed
zip-3.0-45.el10.x86_64 1755248080 726153 5d8186bb574c45c88e8ec5fa628a8ccc installed
cyrus-sasl-lib-2.1.28-30.el10_2.x86_64 1780480452 732566 5c39a979e0999d6a1a959af8c1b53c65 installed
openldap-2.6.10-1.el10.x86_64 1768893284 518947 f73de235116a332b8151c06b1d97baa4 installed
gdbm-1:1.23-12.el10_0.x86_64 1747265717 471407 b71416d44d94b2d2048116823e379b5a installed
pam-1.6.1-9.el10.x86_64 1765406635 1848795 412d3cec164cfc05600c79e14ff8b664 installed
libfdisk-2.40.2-18.el10.x86_64 1772616096 379794 c4e80c019a5b5f4dea9d7cb6afd8114d installed
libxml2-2.12.5-10.el10_2.1.x86_64 1782266581 1795467 4c1da83777f28b9cd1d40ba9ef2fdb1c installed
libarchive-3.7.7-8.el10_1.x86_64 1776411334 961194 b44a06846e6b5f7ba6b208ffdebf907d installed
bzip2-1.0.8-25.el10.x86_64 1739793622 97597 55d60e7810482fc02ab74f791a351d26 installed
sqlite-libs-3.46.1-5.el10_1.x86_64 1761561983 1571640 f7fda595ba487c8bdbb4715b829fef70 installed
rpm-libs-4.19.1.1-23.el10.alma.1.x86_64 1771363610 743168 6a52c3922745396512162d8f8ff9503d installed
ed-1.20-5.el10.x86_64 1734036248 149356 d9eb1a6d7f626f07d1d0f6a30b128954 installed
patch-2.7.6-26.el10.x86_64 1734153030 264738 3d2b21419101e47f0569feb6397afa13 installed
elfutils-default-yama-scope-0.194-2.el10_2.noarch 1775581598 1810 08b8a59eb1b4c083483773709df71370 installed
cpio-2.15-3.el10.x86_64 1734031711 1150520 6e8723c0f97dddd46fec04164c75aef5 installed
diffutils-3.10-8.el10.x86_64 1734026420 1657323 dc3dac84318bee7257be6e4c75b23dfc installed
json-c-0.18-3.el10.x86_64 1734112482 84530 7f07c17b20a78ac0ca779af334183450 installed
keyutils-libs-1.6.3-5.el10.x86_64 1737113140 54083 6b7336de3157e5ae0d8f939406a398c5 installed
libbrotli-1.1.0-7.el10_1.x86_64 1768929854 865506 6b8ecad63cdef444fc9968b92b4e184b installed
libcbor-0.11.0-3.el10.x86_64 1733899191 75535 4cf35242ab457fd6ed8fd00110801117 installed
libfido2-1.14.0-7.el10.x86_64 1733850183 243356 eac10361b07f61d6c4c23716b8fa33c5 installed
libcom_err-1.47.1-5.el10.x86_64 1764176485 68697 22e0715bd20c2f4c06149098c0241f64 installed
libgomp-14.3.1-4.4.el10.alma.2.x86_64 1772111059 540232 43b07124c74b8dc9311f7f408491ba71 installed
libnghttp2-1.68.0-3.el10_2.1.x86_64 1779304727 165820 fa43e2c63a13db3b55987c0ab52c64cc installed
libpkgconf-2.1.0-3.el10.x86_64 1734172741 75857 d3e54138803062f6f74c4a9139f37417 installed
pkgconf-2.1.0-3.el10.x86_64 1734172741 84218 8e8af64d19b84206c62f00c8de3fbc02 installed
pkgconf-pkg-config-2.1.0-3.el10.x86_64 1734172741 989 7fbf860ab46a0492211d93b79e803ff4 installed
libverto-0.3.2-10.el10.x86_64 1733855959 30045 c9cd9352f564335e0e2d8f6004da1136 installed
krb5-libs-1.21.3-10.el10_2.x86_64 1779304413 2408813 26e6d21bf129f0ab5858f96b4b4433cc installed
libssh-0.12.0-2.el10.x86_64 1771605846 699580 0ae591364874a59f81d2984c24ca1fbe installed
libcurl-8.12.1-4.el10.x86_64 1765399612 854238 dd697f1dd4c218ea8aad2fcb4373c102 installed
elfutils-libs-0.194-2.el10_2.x86_64 1775585482 707101 d487b8127b96f405386b7b813d98053a installed
elfutils-debuginfod-client-0.194-2.el10_2.x86_64 1775585482 81778 d2aff5c3a4cdf80f82f9e34fa6c7e11c installed
binutils-gold-2.41-63.el10.alma.1.x86_64 1772647031 2173395 1c74a43982f690aa99be054d90265583 installed
binutils-2.41-63.el10.alma.1.x86_64 1772647031 27832332 65a8a9a9d5e571fb5170229067ae54c3 installed
elfutils-0.194-2.el10_2.x86_64 1775585482 3107374 23b79ea75326fa699fe66687d1561ad1 installed
gdb-minimal-16.3-3.el10.x86_64 1772788942 13747873 0ea7581662cc1d272df31df5ca960cd8 installed
debugedit-5.1-8.el10.x86_64 1751369369 205423 c3bb1528e3aee250c550fbd312ff8929 installed
rpm-build-libs-4.19.1.1-23.el10.alma.1.x86_64 1771363610 203064 1359199297954946078204ed793d0615 installed
curl-8.12.1-4.el10.x86_64 1765399612 465464 5776c14b84410c31bad67ecf9df3c156 installed
rpm-4.19.1.1-23.el10.alma.1.x86_64 1771363610 3101173 d454f8f37bad0380e5019b37606672e7 installed
efi-srpm-macros-6-6.el10.alma.1.noarch 1734440590 41092 3931350959da64ff1bdcee011ec80a8a installed
lua-srpm-macros-1-15.el10.noarch 1734113187 1367 2ad13a3b28040716f2b0736f0272accf installed
fonts-srpm-macros-1:2.0.5-18.el10.noarch 1734052831 57184 eedab5b50fdbbf1b8cdc83c4f2c8edf5 installed
forge-srpm-macros-0.4.0-6.el10.noarch 1736711136 39882 4c15475beb02fc0b79b32a58f7d20579 installed
go-srpm-macros-3.8.0-1.el10.noarch 1758831879 61920 56a516ceb50cd6184f68973acdbc8c88 installed
python-srpm-macros-3.12-11.el10.noarch 1766738522 52640 ed3e009071f89e0fd2bd068362d38b8d installed
redhat-rpm-config-295-1.el10.alma.1.noarch 1769677355 184132 247322332d4a0c339e7d7dd15d662b3e installed
rpm-build-4.19.1.1-23.el10.alma.1.x86_64 1771363610 176869 3a7ab00bec7f2ef09f84a8a1dd890a46 installed
pyproject-srpm-macros-1.18.5-1.el10.noarch 1765414691 1945 a784e0acfabe5f523509ba0680db13b7 installed
R-srpm-macros-1.3.7-1.el10_2.noarch 1774883158 3626 2c06b509d423024fa0b3262a32777304 installed
epel-rpm-macros-10-7.el10_2.noarch 1774638734 762 cafc889f3d479a4e91e2362b8e55a3d7 installed
util-linux-2.40.2-18.el10.x86_64 1772616096 3884882 b67e1e4b9d20c59891580e1de1c8b0ab installed
authselect-1.5.2-1.el10.x86_64 1770798670 218168 6a6e40809aebb521b907e0b36fd6c44f installed
which-2.21-44.el10_0.x86_64 1754377721 85738 e17d66bb6c0f405d416b6a1fdb2c38c4 installed
info-7.1-6.el10.x86_64 1738055043 363386 f0fc5c8361ad821282ebbae9e05dd70d installed
expat-2.7.3-1.el10_2.1.x86_64 1780486663 316343 8cce881cb4ae3f71f7799bf834a8a4c5 installed
libmpc-1.3.1-7.el10.x86_64 1733854663 168484 974a12be4299281204bdba89e52d83a3 installed
cmake-filesystem-3.31.8-1.el10.x86_64 1758819681 0 5c37d44753f4da0d8badead22f73cede installed
make-1:4.4.1-9.el10.x86_64 1734102928 1880255 c5424038bde4ef1359a4b6ea67274eb0 installed
cpp-14.3.1-4.4.el10.alma.2.x86_64 1772111059 40432232 46189c8d845987648be365e28a5b5925 installed
libuv-1:1.52.1-1.el10_2.x86_64 1782266223 591901 4345e3912c33d34336a561c8704b1b81 installed
kernel-headers-6.12.0-211.29.1.el10_2.x86_64 1782911200 7073191 e822ea77f1150b35ccf848d471261e4a installed
libxcrypt-devel-4.4.36-10.el10.x86_64 1733850318 30995 9efc5effc6f98a939a173e6687c552ee installed
glibc-devel-2.39-126.el10_2.alma.1.x86_64 1782812216 2350907 9481b7e9ecb594818400a6edba4a10ae installed
gcc-14.3.1-4.4.el10.alma.2.x86_64 1772111059 114806563 99c171da548ae0ffafa581d7e3c83f6b installed
annobin-docs-13.02-2.el10.noarch 1768993423 101309 87498c68a624c2ba6cee5aabd2a7e790 installed
vim-filesystem-2:9.1.083-9.el10_2.4.noarch 1782265698 40 ba0ad18c7507a58db158fc4a656acbc1 installed
tzdata-2026b-1.el10.alma.1.noarch 1779809556 1922383 db81f37862a1948f1999cf4fcc367342 installed
python3-pip-wheel-23.3.2-11.el10_2.noarch 1779526936 1600309 2612b96b21296e07955b51fcd954d692 installed
openssh-9.9p1-23.el10_2.alma.1.x86_64 1779266629 1444051 761eaff3a25f2dfa838b678c0ff9829a installed
mpdecimal-2.5.1-12.el10.x86_64 1734111731 205591 5412ab404cf934ac34ed27b29e7db6c9 installed
python3-3.12.13-2.el10_2.x86_64 1779288220 32130 e6d8d2eeba39105718ac8bedadb4d744 installed
python3-libs-3.12.13-2.el10_2.x86_64 1779288220 43678703 094cf50c132bfc9750a66d1174fbf945 installed
cmake-rpm-macros-3.31.8-1.el10.noarch 1758825699 7714 e65f5f38a3ad3a7947f4381b32f44f9a installed
libedit-3.1-52.20230828cvs.el10.x86_64 1733854520 249638 4c66ca1733d38d5e18c2f98f62a2510a installed
openssh-clients-9.9p1-23.el10_2.alma.1.x86_64 1779266629 2728174 09c72cae35a578d151f283059407d3cf installed
less-661-3.el10.x86_64 1734103679 410421 073140e48cf118aa4601cadcccd1a53c installed
emacs-filesystem-1:29.4-12.el10.noarch 1750853408 0 ef670299232b45b4603983dc53c49a3f installed
cmake-3.31.8-1.el10.x86_64 1758819681 36232012 ad009fe0c97979cf7cf0ca5c98661968 installed
cmake-data-3.31.8-1.el10.noarch 1758825699 8885653 b05ce36b3b82a065d56dfc16d2503d29 installed
git-core-2.52.0-1.el10.x86_64 1769721551 25100873 789558be04bdb26f8cf556c098287ec9 installed
annobin-plugin-gcc-13.02-2.el10.x86_64 1768993506 1033576 dd6e5f28895620dc0622c592275c7553 installed
gcc-plugin-annobin-14.3.1-4.4.el10.alma.2.x86_64 1772111059 57994 d30ecda1c4b11d36b0bccabe8db0c94f installed
